#! /c/Source/iverilog-install/bin/vvp
:ivl_version "12.0 (devel)" "(s20150603-1539-g2693dd32b)";
:ivl_delay_selection "TYPICAL";
:vpi_time_precision - 12;
:vpi_module "C:\iverilog\lib\ivl\system.vpi";
:vpi_module "C:\iverilog\lib\ivl\vhdl_sys.vpi";
:vpi_module "C:\iverilog\lib\ivl\vhdl_textio.vpi";
:vpi_module "C:\iverilog\lib\ivl\v2005_math.vpi";
:vpi_module "C:\iverilog\lib\ivl\va_math.vpi";
S_000001f34674afa0 .scope module, "datapath_tb" "datapath_tb" 2 16;
 .timescale -9 -12;
v000001f3467a3a50_0 .var "alu_ctrl", 2 0;
v000001f3467a3d70_0 .net "alu_result", 31 0, v000001f3467201e0_0;  1 drivers
v000001f3467a3e10_0 .var "alu_src", 0 0;
v000001f3467a3550_0 .var "clk", 0 0;
v000001f3467a3b90_0 .var "mem_to_reg", 0 0;
v000001f3467a2510_0 .var "mem_write_en", 0 0;
v000001f3467a2fb0_0 .net "pc_out", 31 0, L_000001f346748ab0;  1 drivers
v000001f3467a2e70_0 .var "reg_dst", 0 0;
v000001f3467a37d0_0 .var "reg_write_en", 0 0;
v000001f3467a3f50_0 .var "rst_n", 0 0;
S_000001f34674c5d0 .scope module, "uut" "datapath" 2 41, 3 3 0, S_000001f34674afa0;
 .timescale -9 -12;
    .port_info 0 /INPUT 1 "clk";
    .port_info 1 /INPUT 1 "rst_n";
    .port_info 2 /INPUT 1 "reg_write_en";
    .port_info 3 /INPUT 1 "reg_dst";
    .port_info 4 /INPUT 1 "alu_src";
    .port_info 5 /INPUT 3 "alu_ctrl";
    .port_info 6 /INPUT 1 "mem_write_en";
    .port_info 7 /INPUT 1 "mem_to_reg";
    .port_info 8 /OUTPUT 32 "pc_out";
    .port_info 9 /OUTPUT 32 "alu_result";
L_000001f346748ab0 .functor BUFZ 32, L_000001f346748730, C4<00000000000000000000000000000000>, C4<00000000000000000000000000000000>, C4<00000000000000000000000000000000>;
v000001f3467a1e00_0 .net *"_ivl_13", 0 0, L_000001f3467a2bf0;  1 drivers
v000001f3467a17c0_0 .net *"_ivl_14", 15 0, L_000001f3467a2d30;  1 drivers
v000001f3467a0a00_0 .net *"_ivl_17", 15 0, L_000001f3467a2dd0;  1 drivers
v000001f3467a0fa0_0 .net *"_ivl_3", 4 0, L_000001f3467a3870;  1 drivers
v000001f3467a2120_0 .net *"_ivl_5", 4 0, L_000001f3467a4090;  1 drivers
v000001f3467a1860_0 .net "alu_ctrl", 2 0, v000001f3467a3a50_0;  1 drivers
v000001f3467a21c0_0 .net "alu_result", 31 0, v000001f3467201e0_0;  alias, 1 drivers
v000001f3467a05a0_0 .net "alu_src", 0 0, v000001f3467a3e10_0;  1 drivers
v000001f3467a06e0_0 .net "clk", 0 0, v000001f3467a3550_0;  1 drivers
v000001f3467a1040_0 .net "instr", 31 0, L_000001f346748b20;  1 drivers
v000001f3467a10e0_0 .net "mem_to_reg", 0 0, v000001f3467a3b90_0;  1 drivers
v000001f3467a1220_0 .net "mem_write_en", 0 0, v000001f3467a2510_0;  1 drivers
v000001f3467a2790_0 .net "pc", 31 0, L_000001f346748730;  1 drivers
v000001f3467a2650_0 .net "pc_out", 31 0, L_000001f346748ab0;  alias, 1 drivers
v000001f3467a3ff0_0 .net "rd1", 31 0, L_000001f3467a2ab0;  1 drivers
v000001f3467a3910_0 .net "rd2", 31 0, L_000001f3467a4310;  1 drivers
v000001f3467a4270_0 .net "read_data", 31 0, L_000001f346748b90;  1 drivers
v000001f3467a2970_0 .net "reg_dst", 0 0, v000001f3467a2e70_0;  1 drivers
v000001f3467a26f0_0 .net "reg_write_en", 0 0, v000001f3467a37d0_0;  1 drivers
v000001f3467a3730_0 .net "result", 31 0, L_000001f3467a3370;  1 drivers
v000001f3467a3cd0_0 .net "rst_n", 0 0, v000001f3467a3f50_0;  1 drivers
v000001f3467a3af0_0 .net "sign_imm", 31 0, L_000001f3467a2f10;  1 drivers
v000001f3467a34b0_0 .net "src_b", 31 0, L_000001f3467a3050;  1 drivers
v000001f3467a39b0_0 .net "write_reg", 4 0, L_000001f3467a2a10;  1 drivers
v000001f3467a32d0_0 .net "zero_flag", 0 0, L_000001f3467a30f0;  1 drivers
L_000001f3467a3870 .part L_000001f346748b20, 11, 5;
L_000001f3467a4090 .part L_000001f346748b20, 16, 5;
L_000001f3467a2a10 .functor MUXZ 5, L_000001f3467a4090, L_000001f3467a3870, v000001f3467a2e70_0, C4<>;
L_000001f3467a28d0 .part L_000001f346748b20, 21, 5;
L_000001f3467a2b50 .part L_000001f346748b20, 16, 5;
L_000001f3467a2bf0 .part L_000001f346748b20, 15, 1;
LS_000001f3467a2d30_0_0 .concat [ 1 1 1 1], L_000001f3467a2bf0, L_000001f3467a2bf0, L_000001f3467a2bf0, L_000001f3467a2bf0;
LS_000001f3467a2d30_0_4 .concat [ 1 1 1 1], L_000001f3467a2bf0, L_000001f3467a2bf0, L_000001f3467a2bf0, L_000001f3467a2bf0;
LS_000001f3467a2d30_0_8 .concat [ 1 1 1 1], L_000001f3467a2bf0, L_000001f3467a2bf0, L_000001f3467a2bf0, L_000001f3467a2bf0;
LS_000001f3467a2d30_0_12 .concat [ 1 1 1 1], L_000001f3467a2bf0, L_000001f3467a2bf0, L_000001f3467a2bf0, L_000001f3467a2bf0;
L_000001f3467a2d30 .concat [ 4 4 4 4], LS_000001f3467a2d30_0_0, LS_000001f3467a2d30_0_4, LS_000001f3467a2d30_0_8, LS_000001f3467a2d30_0_12;
L_000001f3467a2dd0 .part L_000001f346748b20, 0, 16;
L_000001f3467a2f10 .concat [ 16 16 0 0], L_000001f3467a2dd0, L_000001f3467a2d30;
L_000001f3467a3050 .functor MUXZ 32, L_000001f3467a4310, L_000001f3467a2f10, v000001f3467a3e10_0, C4<>;
L_000001f3467a3370 .functor MUXZ 32, v000001f3467201e0_0, L_000001f346748b90, v000001f3467a3b90_0, C4<>;
S_000001f34674c760 .scope module, "u_alu" "alu" 3 59, 4 2 0, S_000001f34674c5d0;
 .timescale -9 -12;
    .port_info 0 /INPUT 32 "src_a";
    .port_info 1 /INPUT 32 "src_b";
    .port_info 2 /INPUT 3 "alu_ctrl";
    .port_info 3 /OUTPUT 32 "result";
    .port_info 4 /OUTPUT 1 "zero";
L_000001f346b30280 .functor BUFT 1, C4<00000000000000000000000000000000>, C4<0>, C4<0>, C4<0>;
v000001f346720280_0 .net/2u *"_ivl_0", 31 0, L_000001f346b30280;  1 drivers
v000001f34671f920_0 .net "alu_ctrl", 2 0, v000001f3467a3a50_0;  alias, 1 drivers
v000001f3467201e0_0 .var "result", 31 0;
v000001f3467205a0_0 .net "src_a", 31 0, L_000001f3467a2ab0;  alias, 1 drivers
v000001f34671fd80_0 .net "src_b", 31 0, L_000001f3467a3050;  alias, 1 drivers
v000001f3467206e0_0 .net "zero", 0 0, L_000001f3467a30f0;  alias, 1 drivers
E_000001f3467216c0 .event anyedge, v000001f34671f920_0, v000001f3467205a0_0, v000001f34671fd80_0;
L_000001f3467a30f0 .cmp/eq 32, v000001f3467201e0_0, L_000001f346b30280;
S_000001f34673d9e0 .scope module, "u_data_mem" "data_memory" 3 68, 5 2 0, S_000001f34674c5d0;
 .timescale -9 -12;
    .port_info 0 /INPUT 1 "clk";
    .port_info 1 /INPUT 1 "mem_write_en";
    .port_info 2 /INPUT 32 "addr";
    .port_info 3 /INPUT 32 "write_data";
    .port_info 4 /OUTPUT 32 "read_data";
P_000001f346724610 .param/l "DEPTH" 0 5 4, +C4<00000000000000000000000100000000>;
P_000001f346724648 .param/l "WIDTH" 0 5 3, +C4<00000000000000000000000000100000>;
L_000001f346748b90 .functor BUFZ 32, L_000001f3467a3190, C4<00000000000000000000000000000000>, C4<00000000000000000000000000000000>, C4<00000000000000000000000000000000>;
v000001f3467203c0_0 .net *"_ivl_0", 31 0, L_000001f3467a3190;  1 drivers
v000001f346720140_0 .net *"_ivl_3", 29 0, L_000001f3467a3230;  1 drivers
v000001f34671fec0_0 .net "addr", 31 0, v000001f3467201e0_0;  alias, 1 drivers
v000001f34671ff60_0 .net "clk", 0 0, v000001f3467a3550_0;  alias, 1 drivers
v000001f346720320_0 .net "mem_write_en", 0 0, v000001f3467a2510_0;  alias, 1 drivers
v000001f346720000 .array "ram", 255 0, 31 0;
v000001f3467200a0_0 .net "read_data", 31 0, L_000001f346748b90;  alias, 1 drivers
v000001f3467a0be0_0 .net "write_data", 31 0, L_000001f3467a4310;  alias, 1 drivers
E_000001f3467213c0 .event posedge, v000001f34671ff60_0;
L_000001f3467a3190 .array/port v000001f346720000, L_000001f3467a3230;
L_000001f3467a3230 .part v000001f3467201e0_0, 2, 30;
S_000001f34673db70 .scope module, "u_if_stage" "if_stage" 3 29, 6 2 0, S_000001f34674c5d0;
 .timescale -9 -12;
    .port_info 0 /INPUT 1 "clk";
    .port_info 1 /INPUT 1 "rst_n";
    .port_info 2 /OUTPUT 32 "instr";
    .port_info 3 /OUTPUT 32 "current_pc";
L_000001f346748730 .functor BUFZ 32, v000001f3467a1900_0, C4<00000000000000000000000000000000>, C4<00000000000000000000000000000000>, C4<00000000000000000000000000000000>;
L_000001f346b30088 .functor BUFT 1, C4<00000000000000000000000000000100>, C4<0>, C4<0>, C4<0>;
v000001f3467a1ae0_0 .net/2u *"_ivl_0", 31 0, L_000001f346b30088;  1 drivers
v000001f3467a19a0_0 .net "clk", 0 0, v000001f3467a3550_0;  alias, 1 drivers
v000001f3467a1360_0 .net "current_pc", 31 0, L_000001f346748730;  alias, 1 drivers
v000001f3467a1400_0 .net "instr", 31 0, L_000001f346748b20;  alias, 1 drivers
v000001f3467a1c20_0 .net "pc", 31 0, v000001f3467a1900_0;  1 drivers
v000001f3467a0820_0 .net "pc_next", 31 0, L_000001f3467a3eb0;  1 drivers
v000001f3467a0d20_0 .net "rst_n", 0 0, v000001f3467a3f50_0;  alias, 1 drivers
L_000001f3467a3eb0 .arith/sum 32, v000001f3467a1900_0, L_000001f346b30088;
S_000001f346737960 .scope module, "u_imem" "instruction_memory" 6 20, 7 2 0, S_000001f34673db70;
 .timescale -9 -12;
    .port_info 0 /INPUT 32 "addr";
    .port_info 1 /OUTPUT 32 "rd";
P_000001f3467249d0 .param/l "DEPTH" 0 7 4, +C4<00000000000000000000000100000000>;
P_000001f346724a08 .param/l "WIDTH" 0 7 3, +C4<00000000000000000000000000100000>;
L_000001f346748b20 .functor BUFZ 32, L_000001f3467a3c30, C4<00000000000000000000000000000000>, C4<00000000000000000000000000000000>, C4<00000000000000000000000000000000>;
v000001f3467a2260_0 .net *"_ivl_0", 31 0, L_000001f3467a3c30;  1 drivers
v000001f3467a0780_0 .net *"_ivl_3", 29 0, L_000001f3467a41d0;  1 drivers
v000001f3467a0c80_0 .net "addr", 31 0, v000001f3467a1900_0;  alias, 1 drivers
v000001f3467a12c0 .array "ram", 255 0, 31 0;
v000001f3467a1a40_0 .net "rd", 31 0, L_000001f346748b20;  alias, 1 drivers
L_000001f3467a3c30 .array/port v000001f3467a12c0, L_000001f3467a41d0;
L_000001f3467a41d0 .part v000001f3467a1900_0, 2, 30;
S_000001f346737af0 .scope module, "u_pc" "pc" 6 11, 8 2 0, S_000001f34673db70;
 .timescale -9 -12;
    .port_info 0 /INPUT 1 "clk";
    .port_info 1 /INPUT 1 "rst_n";
    .port_info 2 /INPUT 32 "pc_next";
    .port_info 3 /OUTPUT 32 "pc";
v000001f3467a1fe0_0 .net "clk", 0 0, v000001f3467a3550_0;  alias, 1 drivers
v000001f3467a1900_0 .var "pc", 31 0;
v000001f3467a1f40_0 .net "pc_next", 31 0, L_000001f3467a3eb0;  alias, 1 drivers
v000001f3467a0640_0 .net "rst_n", 0 0, v000001f3467a3f50_0;  alias, 1 drivers
E_000001f3467210c0/0 .event negedge, v000001f3467a0640_0;
E_000001f3467210c0/1 .event posedge, v000001f34671ff60_0;
E_000001f3467210c0 .event/or E_000001f3467210c0/0, E_000001f3467210c0/1;
S_000001f34673a950 .scope module, "u_reg_file" "reg_file" 3 41, 9 2 0, S_000001f34674c5d0;
 .timescale -9 -12;
    .port_info 0 /INPUT 1 "clk";
    .port_info 1 /INPUT 1 "we3";
    .port_info 2 /INPUT 5 "wa3";
    .port_info 3 /INPUT 32 "wd3";
    .port_info 4 /INPUT 5 "ra1";
    .port_info 5 /INPUT 5 "ra2";
    .port_info 6 /OUTPUT 32 "rd1";
    .port_info 7 /OUTPUT 32 "rd2";
L_000001f346b300d0 .functor BUFT 1, C4<00000>, C4<0>, C4<0>, C4<0>;
v000001f3467a2300_0 .net/2u *"_ivl_0", 4 0, L_000001f346b300d0;  1 drivers
L_000001f346b30160 .functor BUFT 1, C4<00>, C4<0>, C4<0>, C4<0>;
v000001f3467a08c0_0 .net *"_ivl_11", 1 0, L_000001f346b30160;  1 drivers
L_000001f346b301a8 .functor BUFT 1, C4<00000>, C4<0>, C4<0>, C4<0>;
v000001f3467a1b80_0 .net/2u *"_ivl_14", 4 0, L_000001f346b301a8;  1 drivers
v000001f3467a1680_0 .net *"_ivl_16", 0 0, L_000001f3467a2c90;  1 drivers
L_000001f346b301f0 .functor BUFT 1, C4<00000000000000000000000000000000>, C4<0>, C4<0>, C4<0>;
v000001f3467a0aa0_0 .net/2u *"_ivl_18", 31 0, L_000001f346b301f0;  1 drivers
v000001f3467a1540_0 .net *"_ivl_2", 0 0, L_000001f3467a3410;  1 drivers
v000001f3467a0dc0_0 .net *"_ivl_20", 31 0, L_000001f3467a2830;  1 drivers
v000001f3467a1cc0_0 .net *"_ivl_22", 6 0, L_000001f3467a25b0;  1 drivers
L_000001f346b30238 .functor BUFT 1, C4<00>, C4<0>, C4<0>, C4<0>;
v000001f3467a0960_0 .net *"_ivl_25", 1 0, L_000001f346b30238;  1 drivers
L_000001f346b30118 .functor BUFT 1, C4<00000000000000000000000000000000>, C4<0>, C4<0>, C4<0>;
v000001f3467a0e60_0 .net/2u *"_ivl_4", 31 0, L_000001f346b30118;  1 drivers
v000001f3467a1ea0_0 .net *"_ivl_6", 31 0, L_000001f3467a4130;  1 drivers
v000001f3467a23a0_0 .net *"_ivl_8", 6 0, L_000001f3467a43b0;  1 drivers
v000001f3467a0500_0 .net "clk", 0 0, v000001f3467a3550_0;  alias, 1 drivers
v000001f3467a1d60_0 .net "ra1", 4 0, L_000001f3467a28d0;  1 drivers
v000001f3467a0b40_0 .net "ra2", 4 0, L_000001f3467a2b50;  1 drivers
v000001f3467a1180_0 .net "rd1", 31 0, L_000001f3467a2ab0;  alias, 1 drivers
v000001f3467a2080_0 .net "rd2", 31 0, L_000001f3467a4310;  alias, 1 drivers
v000001f3467a15e0 .array "rf", 0 31, 31 0;
v000001f3467a14a0_0 .net "wa3", 4 0, L_000001f3467a2a10;  alias, 1 drivers
v000001f3467a1720_0 .net "wd3", 31 0, L_000001f3467a3370;  alias, 1 drivers
v000001f3467a0f00_0 .net "we3", 0 0, v000001f3467a37d0_0;  alias, 1 drivers
L_000001f3467a3410 .cmp/eq 5, L_000001f3467a28d0, L_000001f346b300d0;
L_000001f3467a4130 .array/port v000001f3467a15e0, L_000001f3467a43b0;
L_000001f3467a43b0 .concat [ 5 2 0 0], L_000001f3467a28d0, L_000001f346b30160;
L_000001f3467a2ab0 .functor MUXZ 32, L_000001f3467a4130, L_000001f346b30118, L_000001f3467a3410, C4<>;
L_000001f3467a2c90 .cmp/eq 5, L_000001f3467a2b50, L_000001f346b301a8;
L_000001f3467a2830 .array/port v000001f3467a15e0, L_000001f3467a25b0;
L_000001f3467a25b0 .concat [ 5 2 0 0], L_000001f3467a2b50, L_000001f346b30238;
L_000001f3467a4310 .functor MUXZ 32, L_000001f3467a2830, L_000001f346b301f0, L_000001f3467a2c90, C4<>;
    .scope S_000001f346737af0;
T_0 ;
    %wait E_000001f3467210c0;
    %load/vec4 v000001f3467a0640_0;
    %nor/r;
    %flag_set/vec4 8;
    %jmp/0xz  T_0.0, 8;
    %pushi/vec4 0, 0, 32;
    %assign/vec4 v000001f3467a1900_0, 0;
    %jmp T_0.1;
T_0.0 ;
    %load/vec4 v000001f3467a1f40_0;
    %assign/vec4 v000001f3467a1900_0, 0;
T_0.1 ;
    %jmp T_0;
    .thread T_0;
    .scope S_000001f346737960;
T_1 ;
    %vpi_call 7 12 "$readmemh", "memfile.dat", v000001f3467a12c0 {0 0 0};
    %end;
    .thread T_1;
    .scope S_000001f34673a950;
T_2 ;
    %wait E_000001f3467213c0;
    %load/vec4 v000001f3467a0f00_0;
    %flag_set/vec4 9;
    %flag_get/vec4 9;
    %jmp/0 T_2.2, 9;
    %load/vec4 v000001f3467a14a0_0;
    %pushi/vec4 0, 0, 5;
    %cmp/ne;
    %flag_get/vec4 4;
    %and;
T_2.2;
    %flag_set/vec4 8;
    %jmp/0xz  T_2.0, 8;
    %load/vec4 v000001f3467a1720_0;
    %load/vec4 v000001f3467a14a0_0;
    %pad/u 7;
    %ix/vec4 3;
    %ix/load 4, 0, 0; Constant delay
    %assign/vec4/a/d v000001f3467a15e0, 0, 4;
T_2.0 ;
    %jmp T_2;
    .thread T_2;
    .scope S_000001f34674c760;
T_3 ;
    %wait E_000001f3467216c0;
    %load/vec4 v000001f34671f920_0;
    %dup/vec4;
    %pushi/vec4 0, 0, 3;
    %cmp/u;
    %jmp/1 T_3.0, 6;
    %dup/vec4;
    %pushi/vec4 1, 0, 3;
    %cmp/u;
    %jmp/1 T_3.1, 6;
    %dup/vec4;
    %pushi/vec4 2, 0, 3;
    %cmp/u;
    %jmp/1 T_3.2, 6;
    %dup/vec4;
    %pushi/vec4 6, 0, 3;
    %cmp/u;
    %jmp/1 T_3.3, 6;
    %dup/vec4;
    %pushi/vec4 7, 0, 3;
    %cmp/u;
    %jmp/1 T_3.4, 6;
    %pushi/vec4 0, 0, 32;
    %store/vec4 v000001f3467201e0_0, 0, 32;
    %jmp T_3.6;
T_3.0 ;
    %load/vec4 v000001f3467205a0_0;
    %load/vec4 v000001f34671fd80_0;
    %and;
    %store/vec4 v000001f3467201e0_0, 0, 32;
    %jmp T_3.6;
T_3.1 ;
    %load/vec4 v000001f3467205a0_0;
    %load/vec4 v000001f34671fd80_0;
    %or;
    %store/vec4 v000001f3467201e0_0, 0, 32;
    %jmp T_3.6;
T_3.2 ;
    %load/vec4 v000001f3467205a0_0;
    %load/vec4 v000001f34671fd80_0;
    %add;
    %store/vec4 v000001f3467201e0_0, 0, 32;
    %jmp T_3.6;
T_3.3 ;
    %load/vec4 v000001f3467205a0_0;
    %load/vec4 v000001f34671fd80_0;
    %sub;
    %store/vec4 v000001f3467201e0_0, 0, 32;
    %jmp T_3.6;
T_3.4 ;
    %load/vec4 v000001f3467205a0_0;
    %load/vec4 v000001f34671fd80_0;
    %cmp/s;
    %flag_mov 8, 5;
    %jmp/0 T_3.7, 8;
    %pushi/vec4 1, 0, 32;
    %jmp/1 T_3.8, 8;
T_3.7 ; End of true expr.
    %pushi/vec4 0, 0, 32;
    %jmp/0 T_3.8, 8;
 ; End of false expr.
    %blend;
T_3.8;
    %store/vec4 v000001f3467201e0_0, 0, 32;
    %jmp T_3.6;
T_3.6 ;
    %pop/vec4 1;
    %jmp T_3;
    .thread T_3, $push;
    .scope S_000001f34673d9e0;
T_4 ;
    %wait E_000001f3467213c0;
    %load/vec4 v000001f346720320_0;
    %flag_set/vec4 8;
    %jmp/0xz  T_4.0, 8;
    %load/vec4 v000001f3467a0be0_0;
    %load/vec4 v000001f34671fec0_0;
    %parti/s 30, 2, 3;
    %ix/vec4 3;
    %ix/load 4, 0, 0; Constant delay
    %assign/vec4/a/d v000001f346720000, 0, 4;
T_4.0 ;
    %jmp T_4;
    .thread T_4;
    .scope S_000001f34674afa0;
T_5 ;
    %pushi/vec4 0, 0, 1;
    %store/vec4 v000001f3467a3550_0, 0, 1;
T_5.0 ;
    %delay 5000, 0;
    %load/vec4 v000001f3467a3550_0;
    %inv;
    %store/vec4 v000001f3467a3550_0, 0, 1;
    %jmp T_5.0;
    %end;
    .thread T_5;
    .scope S_000001f34674afa0;
T_6 ;
    %vpi_call 2 66 "$dumpfile", "datapath.vcd" {0 0 0};
    %vpi_call 2 67 "$dumpvars", 32'sb00000000000000000000000000000000, S_000001f34674afa0 {0 0 0};
    %end;
    .thread T_6;
    .scope S_000001f34674afa0;
T_7 ;
    %pushi/vec4 0, 0, 1;
    %store/vec4 v000001f3467a3f50_0, 0, 1;
    %pushi/vec4 0, 0, 1;
    %store/vec4 v000001f3467a37d0_0, 0, 1;
    %pushi/vec4 0, 0, 1;
    %store/vec4 v000001f3467a2e70_0, 0, 1;
    %pushi/vec4 0, 0, 1;
    %store/vec4 v000001f3467a3e10_0, 0, 1;
    %pushi/vec4 0, 0, 3;
    %store/vec4 v000001f3467a3a50_0, 0, 3;
    %pushi/vec4 0, 0, 1;
    %store/vec4 v000001f3467a2510_0, 0, 1;
    %pushi/vec4 0, 0, 1;
    %store/vec4 v000001f3467a3b90_0, 0, 1;
    %delay 10000, 0;
    %pushi/vec4 1, 0, 1;
    %store/vec4 v000001f3467a3f50_0, 0, 1;
    %vpi_call 2 86 "$display", "--- Start Simulation ---" {0 0 0};
    %pushi/vec4 1, 0, 1;
    %store/vec4 v000001f3467a37d0_0, 0, 1;
    %pushi/vec4 1, 0, 1;
    %store/vec4 v000001f3467a3e10_0, 0, 1;
    %pushi/vec4 2, 0, 3;
    %store/vec4 v000001f3467a3a50_0, 0, 3;
    %pushi/vec4 0, 0, 1;
    %store/vec4 v000001f3467a2e70_0, 0, 1;
    %pushi/vec4 0, 0, 1;
    %store/vec4 v000001f3467a2510_0, 0, 1;
    %delay 2000, 0;
    %vpi_call 2 100 "$display", "PC: %h | Result: %d (Expected 5)", v000001f3467a2fb0_0, v000001f3467a3d70_0 {0 0 0};
    %wait E_000001f3467213c0;
    %delay 1000, 0;
    %pushi/vec4 1, 0, 1;
    %store/vec4 v000001f3467a37d0_0, 0, 1;
    %pushi/vec4 1, 0, 1;
    %store/vec4 v000001f3467a3e10_0, 0, 1;
    %pushi/vec4 2, 0, 3;
    %store/vec4 v000001f3467a3a50_0, 0, 3;
    %pushi/vec4 0, 0, 1;
    %store/vec4 v000001f3467a2e70_0, 0, 1;
    %pushi/vec4 0, 0, 1;
    %store/vec4 v000001f3467a2510_0, 0, 1;
    %delay 2000, 0;
    %vpi_call 2 115 "$display", "PC: %h | Result: %d (Expected 10)", v000001f3467a2fb0_0, v000001f3467a3d70_0 {0 0 0};
    %wait E_000001f3467213c0;
    %delay 1000, 0;
    %pushi/vec4 1, 0, 1;
    %store/vec4 v000001f3467a37d0_0, 0, 1;
    %pushi/vec4 0, 0, 1;
    %store/vec4 v000001f3467a3e10_0, 0, 1;
    %pushi/vec4 2, 0, 3;
    %store/vec4 v000001f3467a3a50_0, 0, 3;
    %pushi/vec4 1, 0, 1;
    %store/vec4 v000001f3467a2e70_0, 0, 1;
    %pushi/vec4 0, 0, 1;
    %store/vec4 v000001f3467a2510_0, 0, 1;
    %delay 2000, 0;
    %vpi_call 2 131 "$display", "PC: %h | Result: %d (Expected 15)", v000001f3467a2fb0_0, v000001f3467a3d70_0 {0 0 0};
    %wait E_000001f3467213c0;
    %delay 1000, 0;
    %pushi/vec4 0, 0, 1;
    %store/vec4 v000001f3467a37d0_0, 0, 1;
    %pushi/vec4 1, 0, 1;
    %store/vec4 v000001f3467a3e10_0, 0, 1;
    %pushi/vec4 2, 0, 3;
    %store/vec4 v000001f3467a3a50_0, 0, 3;
    %pushi/vec4 1, 0, 1;
    %store/vec4 v000001f3467a2510_0, 0, 1;
    %delay 2000, 0;
    %vpi_call 2 146 "$display", "PC: %h | Store Addr: %d (Expected 4)", v000001f3467a2fb0_0, v000001f3467a3d70_0 {0 0 0};
    %wait E_000001f3467213c0;
    %delay 20000, 0;
    %vpi_call 2 153 "$finish" {0 0 0};
    %end;
    .thread T_7;
# The file index is used to find the file name in the following table.
:file_names 10;
    "N/A";
    "<interactive>";
    "datapath_tb.v";
    "datapath.v";
    "alu.v";
    "data_memory.v";
    "if_stage.v";
    "instruction_memory.v";
    "pc.v";
    "reg_file.v";
